------------------------------------------------------------
TimeQuest Timing Analyzer Summary
------------------------------------------------------------

Type  : Slow 1100mV 85C Model Setup 'KEY[0]'
Slack : -0.390
TNS   : -2.736

Type  : Slow 1100mV 85C Model Hold 'KEY[0]'
Slack : 0.231
TNS   : 0.000

Type  : Slow 1100mV 85C Model Minimum Pulse Width 'KEY[0]'
Slack : -0.394
TNS   : -5.129

Type  : Slow 1100mV 0C Model Setup 'KEY[0]'
Slack : -0.376
TNS   : -2.406

Type  : Slow 1100mV 0C Model Hold 'KEY[0]'
Slack : 0.268
TNS   : 0.000

Type  : Slow 1100mV 0C Model Minimum Pulse Width 'KEY[0]'
Slack : -0.394
TNS   : -5.734

Type  : Fast 1100mV 85C Model Setup 'KEY[0]'
Slack : 0.233
TNS   : 0.000

Type  : Fast 1100mV 85C Model Hold 'KEY[0]'
Slack : 0.147
TNS   : 0.000

Type  : Fast 1100mV 85C Model Minimum Pulse Width 'KEY[0]'
Slack : -0.321
TNS   : -3.072

Type  : Fast 1100mV 0C Model Setup 'KEY[0]'
Slack : 0.281
TNS   : 0.000

Type  : Fast 1100mV 0C Model Hold 'KEY[0]'
Slack : 0.156
TNS   : 0.000

Type  : Fast 1100mV 0C Model Minimum Pulse Width 'KEY[0]'
Slack : -0.310
TNS   : -2.959

------------------------------------------------------------
