Info: Starting: Create simulation model
Info: qsys-generate /home/c-ec2022/ra248220/Documents/MC613/MC613/lab09/quartus/uart.qsys --simulation=VERILOG --allow-mixed-language-simulation --output-directory=/home/c-ec2022/ra248220/Documents/MC613/MC613/lab09/quartus/uart/simulation --family="Cyclone V" --part=5CSEMA5F31C6
Progress: Loading quartus/uart.qsys
Progress: Reading input file
Progress: Adding jtag_uart_0 [altera_avalon_jtag_uart 17.1]
Progress: Parameterizing module jtag_uart_0
Progress: Building connections
Progress: Parameterizing connections
Progress: Validating
Progress: Done reading input file
Warning: uart.jtag_uart_0: JTAG UART IP input clock need to be at least double (2x) the operating frequency of JTAG TCK on board
Warning: uart.jtag_uart_0: Interrupt sender jtag_uart_0.irq is not connected to an interrupt receiver
Info: uart: Generating uart "uart" for SIM_VERILOG
Info: jtag_uart_0: Starting RTL generation for module 'uart_jtag_uart_0'
Info: jtag_uart_0:   Generation command is [exec /opt/altera/17.1/quartus/linux64/perl/bin/perl -I /opt/altera/17.1/quartus/linux64/perl/lib -I /opt/altera/17.1/quartus/sopc_builder/bin/europa -I /opt/altera/17.1/quartus/sopc_builder/bin/perl_lib -I /opt/altera/17.1/quartus/sopc_builder/bin -I /opt/altera/17.1/quartus/../ip/altera/sopc_builder_ip/common -I /opt/altera/17.1/quartus/../ip/altera/sopc_builder_ip/altera_avalon_jtag_uart -- /opt/altera/17.1/quartus/../ip/altera/sopc_builder_ip/altera_avalon_jtag_uart/generate_rtl.pl --name=uart_jtag_uart_0 --dir=/tmp/alt0264_2817650828946895862.dir/0002_jtag_uart_0_gen/ --quartus_dir=/opt/altera/17.1/quartus --verilog --config=/tmp/alt0264_2817650828946895862.dir/0002_jtag_uart_0_gen//uart_jtag_uart_0_component_configuration.pl  --do_build_sim=1    --sim_dir=/tmp/alt0264_2817650828946895862.dir/0002_jtag_uart_0_gen/  ]
Info: jtag_uart_0: Done RTL generation for module 'uart_jtag_uart_0'
Info: jtag_uart_0: "uart" instantiated altera_avalon_jtag_uart "jtag_uart_0"
Info: uart: Done "uart" with 2 modules, 2 files
Info: qsys-generate succeeded.
Info: Finished: Create simulation model
Info: Starting: Create Modelsim Project.
Info: sim-script-gen --spd=/home/c-ec2022/ra248220/Documents/MC613/MC613/lab09/quartus/uart/uart.spd --output-directory=/home/c-ec2022/ra248220/Documents/MC613/MC613/lab09/quartus/uart/simulation/ --use-relative-paths=true
Info: Doing: ip-make-simscript --spd=/home/c-ec2022/ra248220/Documents/MC613/MC613/lab09/quartus/uart/uart.spd --output-directory=/home/c-ec2022/ra248220/Documents/MC613/MC613/lab09/quartus/uart/simulation/ --use-relative-paths=true
Info: Generating the following file(s) for MODELSIM simulator in /home/c-ec2022/ra248220/Documents/MC613/MC613/lab09/quartus/uart/simulation/ directory:
Info: 	mentor/msim_setup.tcl
Info: Generating the following file(s) for VCS simulator in /home/c-ec2022/ra248220/Documents/MC613/MC613/lab09/quartus/uart/simulation/ directory:
Info: 	synopsys/vcs/vcs_setup.sh
Info: Generating the following file(s) for VCSMX simulator in /home/c-ec2022/ra248220/Documents/MC613/MC613/lab09/quartus/uart/simulation/ directory:
Info: 	synopsys/vcsmx/synopsys_sim.setup
Info: 	synopsys/vcsmx/vcsmx_setup.sh
Info: Generating the following file(s) for NCSIM simulator in /home/c-ec2022/ra248220/Documents/MC613/MC613/lab09/quartus/uart/simulation/ directory:
Info: 	cadence/cds.lib
Info: 	cadence/hdl.var
Info: 	cadence/ncsim_setup.sh
Info: 	1 .cds.lib files in cadence/cds_libs/ directory
Info: Generating the following file(s) for RIVIERA simulator in /home/c-ec2022/ra248220/Documents/MC613/MC613/lab09/quartus/uart/simulation/ directory:
Info: 	aldec/rivierapro_setup.tcl
Info: For information on how to simulate your IP, see the explanatory comments in the simulator-specific subdirectories under /home/c-ec2022/ra248220/Documents/MC613/MC613/lab09/quartus/uart/simulation/.
Info: Regenerate these scripts whenever you make any change to any Quartus-generated IP in your project.
Info: Finished: Create Modelsim Project.
Info: Starting: Create block symbol file (.bsf)
Info: qsys-generate /home/c-ec2022/ra248220/Documents/MC613/MC613/lab09/quartus/uart.qsys --block-symbol-file --output-directory=/home/c-ec2022/ra248220/Documents/MC613/MC613/lab09/quartus/uart --family="Cyclone V" --part=5CSEMA5F31C6
Progress: Loading quartus/uart.qsys
Progress: Reading input file
Progress: Adding jtag_uart_0 [altera_avalon_jtag_uart 17.1]
Progress: Parameterizing module jtag_uart_0
Progress: Building connections
Progress: Parameterizing connections
Progress: Validating
Progress: Done reading input file
Warning: uart.jtag_uart_0: JTAG UART IP input clock need to be at least double (2x) the operating frequency of JTAG TCK on board
Warning: uart.jtag_uart_0: Interrupt sender jtag_uart_0.irq is not connected to an interrupt receiver
Info: qsys-generate succeeded.
Info: Finished: Create block symbol file (.bsf)
Info: 
Info: Starting: Create HDL design files for synthesis
Info: qsys-generate /home/c-ec2022/ra248220/Documents/MC613/MC613/lab09/quartus/uart.qsys --synthesis=VERILOG --output-directory=/home/c-ec2022/ra248220/Documents/MC613/MC613/lab09/quartus/uart/synthesis --family="Cyclone V" --part=5CSEMA5F31C6
Progress: Loading quartus/uart.qsys
Progress: Reading input file
Progress: Adding jtag_uart_0 [altera_avalon_jtag_uart 17.1]
Progress: Parameterizing module jtag_uart_0
Progress: Building connections
Progress: Parameterizing connections
Progress: Validating
Progress: Done reading input file
Warning: uart.jtag_uart_0: JTAG UART IP input clock need to be at least double (2x) the operating frequency of JTAG TCK on board
Warning: uart.jtag_uart_0: Interrupt sender jtag_uart_0.irq is not connected to an interrupt receiver
Info: uart: Generating uart "uart" for QUARTUS_SYNTH
Info: jtag_uart_0: Starting RTL generation for module 'uart_jtag_uart_0'
Info: jtag_uart_0:   Generation command is [exec /opt/altera/17.1/quartus/linux64/perl/bin/perl -I /opt/altera/17.1/quartus/linux64/perl/lib -I /opt/altera/17.1/quartus/sopc_builder/bin/europa -I /opt/altera/17.1/quartus/sopc_builder/bin/perl_lib -I /opt/altera/17.1/quartus/sopc_builder/bin -I /opt/altera/17.1/quartus/../ip/altera/sopc_builder_ip/common -I /opt/altera/17.1/quartus/../ip/altera/sopc_builder_ip/altera_avalon_jtag_uart -- /opt/altera/17.1/quartus/../ip/altera/sopc_builder_ip/altera_avalon_jtag_uart/generate_rtl.pl --name=uart_jtag_uart_0 --dir=/tmp/alt0264_2817650828946895862.dir/0004_jtag_uart_0_gen/ --quartus_dir=/opt/altera/17.1/quartus --verilog --config=/tmp/alt0264_2817650828946895862.dir/0004_jtag_uart_0_gen//uart_jtag_uart_0_component_configuration.pl  --do_build_sim=0  ]
Info: jtag_uart_0: Done RTL generation for module 'uart_jtag_uart_0'
Info: jtag_uart_0: "uart" instantiated altera_avalon_jtag_uart "jtag_uart_0"
Info: uart: Done "uart" with 2 modules, 2 files
Info: qsys-generate succeeded.
Info: Finished: Create HDL design files for synthesis
