Analysis & Synthesis report for clock
Sun May 18 15:13:09 2025
Quartus Prime Version 17.1.0 Build 590 10/25/2017 SJ Lite Edition


---------------------
; Table of Contents ;
---------------------
  1. Legal Notice
  2. Analysis & Synthesis Summary
  3. Analysis & Synthesis Settings
  4. Parallel Compilation
  5. Analysis & Synthesis Source Files Read
  6. Analysis & Synthesis Resource Usage Summary
  7. Analysis & Synthesis Resource Utilization by Entity
  8. General Register Statistics
  9. Multiplexer Restructuring Statistics (Restructuring Performed)
 10. Port Connectivity Checks: "dec_7seg:dis_45"
 11. Port Connectivity Checks: "dec_7seg:dis_23"
 12. Port Connectivity Checks: "dec_7seg:dis_01"
 13. Port Connectivity Checks: "stopwatch:stopwatch_inst"
 14. Post-Synthesis Netlist Statistics for Top Partition
 15. Elapsed Time Per Partition
 16. Analysis & Synthesis Messages



----------------
; Legal Notice ;
----------------
Copyright (C) 2017  Intel Corporation. All rights reserved.
Your use of Intel Corporation's design tools, logic functions 
and other software and tools, and its AMPP partner logic 
functions, and any output files from any of the foregoing 
(including device programming or simulation files), and any 
associated documentation or information are expressly subject 
to the terms and conditions of the Intel Program License 
Subscription Agreement, the Intel Quartus Prime License Agreement,
the Intel FPGA IP License Agreement, or other applicable license
agreement, including, without limitation, that your use is for
the sole purpose of programming logic devices manufactured by
Intel and sold by Intel or its authorized distributors.  Please
refer to the applicable agreement for further details.



+-------------------------------------------------------------------------------+
; Analysis & Synthesis Summary                                                  ;
+---------------------------------+---------------------------------------------+
; Analysis & Synthesis Status     ; Successful - Sun May 18 15:13:09 2025       ;
; Quartus Prime Version           ; 17.1.0 Build 590 10/25/2017 SJ Lite Edition ;
; Revision Name                   ; clock                                       ;
; Top-level Entity Name           ; clock                                       ;
; Family                          ; Cyclone V                                   ;
; Logic utilization (in ALMs)     ; N/A                                         ;
; Total registers                 ; 95                                          ;
; Total pins                      ; 53                                          ;
; Total virtual pins              ; 0                                           ;
; Total block memory bits         ; 0                                           ;
; Total DSP Blocks                ; 0                                           ;
; Total HSSI RX PCSs              ; 0                                           ;
; Total HSSI PMA RX Deserializers ; 0                                           ;
; Total HSSI TX PCSs              ; 0                                           ;
; Total HSSI PMA TX Serializers   ; 0                                           ;
; Total PLLs                      ; 0                                           ;
; Total DLLs                      ; 0                                           ;
+---------------------------------+---------------------------------------------+


+---------------------------------------------------------------------------------------------------------------------------+
; Analysis & Synthesis Settings                                                                                             ;
+---------------------------------------------------------------------------------+--------------------+--------------------+
; Option                                                                          ; Setting            ; Default Value      ;
+---------------------------------------------------------------------------------+--------------------+--------------------+
; Device                                                                          ; 5CSEMA5F31C6       ;                    ;
; Top-level entity name                                                           ; clock              ; clock              ;
; Family name                                                                     ; Cyclone V          ; Cyclone V          ;
; Verilog Show LMF Mapping Messages                                               ; Off                ;                    ;
; Verilog Version                                                                 ; SystemVerilog_2005 ; Verilog_2001       ;
; Use smart compilation                                                           ; Off                ; Off                ;
; Enable parallel Assembler and TimeQuest Timing Analyzer during compilation      ; On                 ; On                 ;
; Enable compact report table                                                     ; Off                ; Off                ;
; Restructure Multiplexers                                                        ; Auto               ; Auto               ;
; MLAB Add Timing Constraints For Mixed-Port Feed-Through Mode Setting Don't Care ; Off                ; Off                ;
; Create Debugging Nodes for IP Cores                                             ; Off                ; Off                ;
; Preserve fewer node names                                                       ; On                 ; On                 ;
; Intel FPGA IP Evaluation Mode                                                   ; Enable             ; Enable             ;
; VHDL Version                                                                    ; VHDL_1993          ; VHDL_1993          ;
; State Machine Processing                                                        ; Auto               ; Auto               ;
; Safe State Machine                                                              ; Off                ; Off                ;
; Extract Verilog State Machines                                                  ; On                 ; On                 ;
; Extract VHDL State Machines                                                     ; On                 ; On                 ;
; Ignore Verilog initial constructs                                               ; Off                ; Off                ;
; Iteration limit for constant Verilog loops                                      ; 5000               ; 5000               ;
; Iteration limit for non-constant Verilog loops                                  ; 250                ; 250                ;
; Add Pass-Through Logic to Inferred RAMs                                         ; On                 ; On                 ;
; Infer RAMs from Raw Logic                                                       ; On                 ; On                 ;
; Parallel Synthesis                                                              ; On                 ; On                 ;
; DSP Block Balancing                                                             ; Auto               ; Auto               ;
; NOT Gate Push-Back                                                              ; On                 ; On                 ;
; Power-Up Don't Care                                                             ; On                 ; On                 ;
; Remove Redundant Logic Cells                                                    ; Off                ; Off                ;
; Remove Duplicate Registers                                                      ; On                 ; On                 ;
; Ignore CARRY Buffers                                                            ; Off                ; Off                ;
; Ignore CASCADE Buffers                                                          ; Off                ; Off                ;
; Ignore GLOBAL Buffers                                                           ; Off                ; Off                ;
; Ignore ROW GLOBAL Buffers                                                       ; Off                ; Off                ;
; Ignore LCELL Buffers                                                            ; Off                ; Off                ;
; Ignore SOFT Buffers                                                             ; On                 ; On                 ;
; Limit AHDL Integers to 32 Bits                                                  ; Off                ; Off                ;
; Optimization Technique                                                          ; Balanced           ; Balanced           ;
; Carry Chain Length                                                              ; 70                 ; 70                 ;
; Auto Carry Chains                                                               ; On                 ; On                 ;
; Auto Open-Drain Pins                                                            ; On                 ; On                 ;
; Perform WYSIWYG Primitive Resynthesis                                           ; Off                ; Off                ;
; Auto ROM Replacement                                                            ; On                 ; On                 ;
; Auto RAM Replacement                                                            ; On                 ; On                 ;
; Auto DSP Block Replacement                                                      ; On                 ; On                 ;
; Auto Shift Register Replacement                                                 ; Auto               ; Auto               ;
; Allow Shift Register Merging across Hierarchies                                 ; Auto               ; Auto               ;
; Auto Clock Enable Replacement                                                   ; On                 ; On                 ;
; Strict RAM Replacement                                                          ; Off                ; Off                ;
; Allow Synchronous Control Signals                                               ; On                 ; On                 ;
; Force Use of Synchronous Clear Signals                                          ; Off                ; Off                ;
; Auto Resource Sharing                                                           ; Off                ; Off                ;
; Allow Any RAM Size For Recognition                                              ; Off                ; Off                ;
; Allow Any ROM Size For Recognition                                              ; Off                ; Off                ;
; Allow Any Shift Register Size For Recognition                                   ; Off                ; Off                ;
; Use LogicLock Constraints during Resource Balancing                             ; On                 ; On                 ;
; Ignore translate_off and synthesis_off directives                               ; Off                ; Off                ;
; Timing-Driven Synthesis                                                         ; On                 ; On                 ;
; Report Parameter Settings                                                       ; On                 ; On                 ;
; Report Source Assignments                                                       ; On                 ; On                 ;
; Report Connectivity Checks                                                      ; On                 ; On                 ;
; Ignore Maximum Fan-Out Assignments                                              ; Off                ; Off                ;
; Synchronization Register Chain Length                                           ; 3                  ; 3                  ;
; Power Optimization During Synthesis                                             ; Normal compilation ; Normal compilation ;
; HDL message level                                                               ; Level2             ; Level2             ;
; Suppress Register Optimization Related Messages                                 ; Off                ; Off                ;
; Number of Removed Registers Reported in Synthesis Report                        ; 5000               ; 5000               ;
; Number of Swept Nodes Reported in Synthesis Report                              ; 5000               ; 5000               ;
; Number of Inverted Registers Reported in Synthesis Report                       ; 100                ; 100                ;
; Clock MUX Protection                                                            ; On                 ; On                 ;
; Auto Gated Clock Conversion                                                     ; Off                ; Off                ;
; Block Design Naming                                                             ; Auto               ; Auto               ;
; SDC constraint protection                                                       ; Off                ; Off                ;
; Synthesis Effort                                                                ; Auto               ; Auto               ;
; Shift Register Replacement - Allow Asynchronous Clear Signal                    ; On                 ; On                 ;
; Pre-Mapping Resynthesis Optimization                                            ; Off                ; Off                ;
; Analysis & Synthesis Message Level                                              ; Medium             ; Medium             ;
; Disable Register Merging Across Hierarchies                                     ; Auto               ; Auto               ;
; Resource Aware Inference For Block RAM                                          ; On                 ; On                 ;
; Automatic Parallel Synthesis                                                    ; On                 ; On                 ;
; Partial Reconfiguration Bitstream ID                                            ; Off                ; Off                ;
+---------------------------------------------------------------------------------+--------------------+--------------------+


+------------------------------------------+
; Parallel Compilation                     ;
+----------------------------+-------------+
; Processors                 ; Number      ;
+----------------------------+-------------+
; Number detected on machine ; 6           ;
; Maximum allowed            ; 6           ;
;                            ;             ;
; Average used               ; 1.00        ;
; Maximum used               ; 6           ;
;                            ;             ;
; Usage by Processor         ; % Time Used ;
;     Processor 1            ; 100.0%      ;
;     Processors 2-6         ;   0.0%      ;
+----------------------------+-------------+


+----------------------------------------------------------------------------------------------------------------------------------------------------------+
; Analysis & Synthesis Source Files Read                                                                                                                   ;
+----------------------------------+-----------------+------------------------------+------------------------------------------------------------+---------+
; File Name with User-Entered Path ; Used in Netlist ; File Type                    ; File Name with Absolute Path                               ; Library ;
+----------------------------------+-----------------+------------------------------+------------------------------------------------------------+---------+
; ../clock.sv                      ; yes             ; User SystemVerilog HDL File  ; /home/c-ec2023/ra252974/Documents/MC613/lab05/clock.sv     ;         ;
; ../watch.sv                      ; yes             ; User SystemVerilog HDL File  ; /home/c-ec2023/ra252974/Documents/MC613/lab05/watch.sv     ;         ;
; ../dec_7seg.sv                   ; yes             ; User SystemVerilog HDL File  ; /home/c-ec2023/ra252974/Documents/MC613/lab05/dec_7seg.sv  ;         ;
; ../stopwatch.sv                  ; yes             ; User SystemVerilog HDL File  ; /home/c-ec2023/ra252974/Documents/MC613/lab05/stopwatch.sv ;         ;
+----------------------------------+-----------------+------------------------------+------------------------------------------------------------+---------+


+---------------------------------------------------------------+
; Analysis & Synthesis Resource Usage Summary                   ;
+---------------------------------------------+-----------------+
; Resource                                    ; Usage           ;
+---------------------------------------------+-----------------+
; Estimate of Logic utilization (ALMs needed) ; 170             ;
;                                             ;                 ;
; Combinational ALUT usage for logic          ; 243             ;
;     -- 7 input functions                    ; 0               ;
;     -- 6 input functions                    ; 95              ;
;     -- 5 input functions                    ; 36              ;
;     -- 4 input functions                    ; 33              ;
;     -- <=3 input functions                  ; 79              ;
;                                             ;                 ;
; Dedicated logic registers                   ; 95              ;
;                                             ;                 ;
; I/O pins                                    ; 53              ;
;                                             ;                 ;
; Total DSP Blocks                            ; 0               ;
;                                             ;                 ;
; Maximum fan-out node                        ; CLOCK_100~input ;
; Maximum fan-out                             ; 95              ;
; Total fan-out                               ; 1461            ;
; Average fan-out                             ; 3.29            ;
+---------------------------------------------+-----------------+


+-------------------------------------------------------------------------------------------------------------------------------------------------------------------------------------------------------+
; Analysis & Synthesis Resource Utilization by Entity                                                                                                                                                   ;
+-------------------------------+---------------------+---------------------------+-------------------+------------+------+--------------+---------------------------------+-------------+--------------+
; Compilation Hierarchy Node    ; Combinational ALUTs ; Dedicated Logic Registers ; Block Memory Bits ; DSP Blocks ; Pins ; Virtual Pins ; Full Hierarchy Name             ; Entity Name ; Library Name ;
+-------------------------------+---------------------+---------------------------+-------------------+------------+------+--------------+---------------------------------+-------------+--------------+
; |clock                        ; 243 (31)            ; 95 (6)                    ; 0                 ; 0          ; 53   ; 0            ; |clock                          ; clock       ; work         ;
;    |dec_7seg:dis_01|          ; 29 (29)             ; 0 (0)                     ; 0                 ; 0          ; 0    ; 0            ; |clock|dec_7seg:dis_01          ; dec_7seg    ; work         ;
;    |dec_7seg:dis_23|          ; 35 (35)             ; 0 (0)                     ; 0                 ; 0          ; 0    ; 0            ; |clock|dec_7seg:dis_23          ; dec_7seg    ; work         ;
;    |dec_7seg:dis_45|          ; 29 (29)             ; 0 (0)                     ; 0                 ; 0          ; 0    ; 0            ; |clock|dec_7seg:dis_45          ; dec_7seg    ; work         ;
;    |stopwatch:stopwatch_inst| ; 52 (52)             ; 41 (41)                   ; 0                 ; 0          ; 0    ; 0            ; |clock|stopwatch:stopwatch_inst ; stopwatch   ; work         ;
;    |watch:watch_inst|         ; 67 (67)             ; 48 (48)                   ; 0                 ; 0          ; 0    ; 0            ; |clock|watch:watch_inst         ; watch       ; work         ;
+-------------------------------+---------------------+---------------------------+-------------------+------------+------+--------------+---------------------------------+-------------+--------------+
Note: For table entries with two numbers listed, the numbers in parentheses indicate the number of resources of the given type used by the specific entity alone. The numbers listed outside of parentheses indicate the total resources of the given type used by the specific entity and all of its sub-entities in the hierarchy.


+------------------------------------------------------+
; General Register Statistics                          ;
+----------------------------------------------+-------+
; Statistic                                    ; Value ;
+----------------------------------------------+-------+
; Total registers                              ; 95    ;
; Number of registers using Synchronous Clear  ; 45    ;
; Number of registers using Synchronous Load   ; 4     ;
; Number of registers using Asynchronous Clear ; 41    ;
; Number of registers using Asynchronous Load  ; 0     ;
; Number of registers using Clock Enable       ; 36    ;
; Number of registers using Preset             ; 0     ;
+----------------------------------------------+-------+


+---------------------------------------------------------------------------------------------------------------------------------------------------+
; Multiplexer Restructuring Statistics (Restructuring Performed)                                                                                    ;
+--------------------+-----------+---------------+----------------------+------------------------+------------+-------------------------------------+
; Multiplexer Inputs ; Bus Width ; Baseline Area ; Area if Restructured ; Saving if Restructured ; Registered ; Example Multiplexer Output          ;
+--------------------+-----------+---------------+----------------------+------------------------+------------+-------------------------------------+
; 6:1                ; 6 bits    ; 24 LEs        ; 12 LEs               ; 12 LEs                 ; Yes        ; |clock|watch:watch_inst|seg_reg[0]  ;
; 6:1                ; 6 bits    ; 24 LEs        ; 12 LEs               ; 12 LEs                 ; Yes        ; |clock|watch:watch_inst|min_reg[3]  ;
; 7:1                ; 5 bits    ; 20 LEs        ; 10 LEs               ; 10 LEs                 ; Yes        ; |clock|watch:watch_inst|hour_reg[2] ;
; 3:1                ; 6 bits    ; 12 LEs        ; 12 LEs               ; 0 LEs                  ; No         ; |clock|numero_0[5]                  ;
; 3:1                ; 6 bits    ; 12 LEs        ; 12 LEs               ; 0 LEs                  ; No         ; |clock|numero_1[3]                  ;
; 3:1                ; 5 bits    ; 10 LEs        ; 10 LEs               ; 0 LEs                  ; No         ; |clock|numero_2[0]                  ;
+--------------------+-----------+---------------+----------------------+------------------------+------------+-------------------------------------+


+------------------------------------------------------------------------------------------------------------------------------------------------------------------------------------------------------------+
; Port Connectivity Checks: "dec_7seg:dis_45"                                                                                                                                                                ;
+------+-------+----------+----------------------------------------------------------------------------------------------------------------------------------------------------------------------------------+
; Port ; Type  ; Severity ; Details                                                                                                                                                                          ;
+------+-------+----------+----------------------------------------------------------------------------------------------------------------------------------------------------------------------------------+
; bin  ; Input ; Warning  ; Input port expression (8 bits) is wider than the input port (7 bits) it drives.  The 1 most-significant bit(s) in the expression will be dangling if they have no other fanouts. ;
+------+-------+----------+----------------------------------------------------------------------------------------------------------------------------------------------------------------------------------+


+------------------------------------------------------------------------------------------------------------------------------------------------------------------------------------------------------------+
; Port Connectivity Checks: "dec_7seg:dis_23"                                                                                                                                                                ;
+------+-------+----------+----------------------------------------------------------------------------------------------------------------------------------------------------------------------------------+
; Port ; Type  ; Severity ; Details                                                                                                                                                                          ;
+------+-------+----------+----------------------------------------------------------------------------------------------------------------------------------------------------------------------------------+
; bin  ; Input ; Warning  ; Input port expression (8 bits) is wider than the input port (7 bits) it drives.  The 1 most-significant bit(s) in the expression will be dangling if they have no other fanouts. ;
+------+-------+----------+----------------------------------------------------------------------------------------------------------------------------------------------------------------------------------+


+------------------------------------------------------------------------------------------------------------------------------------------------------------------------------------------------------------+
; Port Connectivity Checks: "dec_7seg:dis_01"                                                                                                                                                                ;
+------+-------+----------+----------------------------------------------------------------------------------------------------------------------------------------------------------------------------------+
; Port ; Type  ; Severity ; Details                                                                                                                                                                          ;
+------+-------+----------+----------------------------------------------------------------------------------------------------------------------------------------------------------------------------------+
; bin  ; Input ; Warning  ; Input port expression (8 bits) is wider than the input port (7 bits) it drives.  The 1 most-significant bit(s) in the expression will be dangling if they have no other fanouts. ;
+------+-------+----------+----------------------------------------------------------------------------------------------------------------------------------------------------------------------------------+


+------------------------------------------------------------------------------------------------------------------------------------------------------------------------------------------------------+
; Port Connectivity Checks: "stopwatch:stopwatch_inst"                                                                                                                                                 ;
+----------+--------+----------+-----------------------------------------------------------------------------------------------------------------------------------------------------------------------+
; Port     ; Type   ; Severity ; Details                                                                                                                                                               ;
+----------+--------+----------+-----------------------------------------------------------------------------------------------------------------------------------------------------------------------+
; segundos ; Output ; Warning  ; Output or bidir port (6 bits) is smaller than the port expression (7 bits) it drives.  The 1 most-significant bit(s) in the port expression will be connected to GND. ;
+----------+--------+----------+-----------------------------------------------------------------------------------------------------------------------------------------------------------------------+


+-----------------------------------------------------+
; Post-Synthesis Netlist Statistics for Top Partition ;
+-----------------------+-----------------------------+
; Type                  ; Count                       ;
+-----------------------+-----------------------------+
; arriav_ff             ; 95                          ;
;     CLR               ; 3                           ;
;     CLR SCLR          ; 19                          ;
;     ENA               ; 13                          ;
;     ENA CLR           ; 19                          ;
;     ENA SLD           ; 4                           ;
;     SCLR              ; 26                          ;
;     plain             ; 11                          ;
; arriav_lcell_comb     ; 253                         ;
;     arith             ; 58                          ;
;         1 data inputs ; 57                          ;
;         2 data inputs ; 1                           ;
;     normal            ; 195                         ;
;         1 data inputs ; 14                          ;
;         2 data inputs ; 4                           ;
;         3 data inputs ; 13                          ;
;         4 data inputs ; 33                          ;
;         5 data inputs ; 36                          ;
;         6 data inputs ; 95                          ;
; boundary_port         ; 53                          ;
;                       ;                             ;
; Max LUT depth         ; 5.00                        ;
; Average LUT depth     ; 2.94                        ;
+-----------------------+-----------------------------+


+-------------------------------+
; Elapsed Time Per Partition    ;
+----------------+--------------+
; Partition Name ; Elapsed Time ;
+----------------+--------------+
; Top            ; 00:00:01     ;
+----------------+--------------+


+-------------------------------+
; Analysis & Synthesis Messages ;
+-------------------------------+
Info: *******************************************************************
Info: Running Quartus Prime Analysis & Synthesis
    Info: Version 17.1.0 Build 590 10/25/2017 SJ Lite Edition
    Info: Processing started: Sun May 18 15:13:00 2025
Info: Command: quartus_map --read_settings_files=on --write_settings_files=off lab05 -c clock
Warning (18236): Number of processors has not been specified which may cause overloading on shared machines.  Set the global assignment NUM_PARALLEL_PROCESSORS in your QSF to an appropriate value for best performance.
Info (20030): Parallel compilation is enabled and will use 6 of the 6 processors detected
Info (12021): Found 1 design units, including 1 entities, in source file /home/c-ec2023/ra252974/Documents/MC613/lab05/clock.sv
    Info (12023): Found entity 1: clock File: /home/c-ec2023/ra252974/Documents/MC613/lab05/clock.sv Line: 3
Info (12021): Found 1 design units, including 1 entities, in source file /home/c-ec2023/ra252974/Documents/MC613/lab05/watch_tb.sv
    Info (12023): Found entity 1: tb_timer File: /home/c-ec2023/ra252974/Documents/MC613/lab05/watch_tb.sv Line: 1
Info (12021): Found 1 design units, including 1 entities, in source file /home/c-ec2023/ra252974/Documents/MC613/lab05/stopwatch_tb.sv
    Info (12023): Found entity 1: tb_stopwatch File: /home/c-ec2023/ra252974/Documents/MC613/lab05/stopwatch_tb.sv Line: 3
Info (12021): Found 1 design units, including 1 entities, in source file /home/c-ec2023/ra252974/Documents/MC613/lab05/watch.sv
    Info (12023): Found entity 1: watch File: /home/c-ec2023/ra252974/Documents/MC613/lab05/watch.sv Line: 1
Info (12021): Found 1 design units, including 1 entities, in source file /home/c-ec2023/ra252974/Documents/MC613/lab05/dec_7seg.sv
    Info (12023): Found entity 1: dec_7seg File: /home/c-ec2023/ra252974/Documents/MC613/lab05/dec_7seg.sv Line: 1
Info (12021): Found 1 design units, including 1 entities, in source file /home/c-ec2023/ra252974/Documents/MC613/lab05/stopwatch.sv
    Info (12023): Found entity 1: stopwatch File: /home/c-ec2023/ra252974/Documents/MC613/lab05/stopwatch.sv Line: 1
Info (12127): Elaborating entity "clock" for the top level hierarchy
Warning (10036): Verilog HDL or VHDL warning at clock.sv(17): object "set_numero" assigned a value but never read File: /home/c-ec2023/ra252974/Documents/MC613/lab05/clock.sv Line: 17
Warning (10230): Verilog HDL assignment warning at clock.sv(34): truncated value with size 32 to match size of target (1) File: /home/c-ec2023/ra252974/Documents/MC613/lab05/clock.sv Line: 34
Warning (10230): Verilog HDL assignment warning at clock.sv(35): truncated value with size 32 to match size of target (1) File: /home/c-ec2023/ra252974/Documents/MC613/lab05/clock.sv Line: 35
Warning (10230): Verilog HDL assignment warning at clock.sv(40): truncated value with size 32 to match size of target (1) File: /home/c-ec2023/ra252974/Documents/MC613/lab05/clock.sv Line: 40
Info (12128): Elaborating entity "stopwatch" for hierarchy "stopwatch:stopwatch_inst" File: /home/c-ec2023/ra252974/Documents/MC613/lab05/clock.sv Line: 59
Warning (10230): Verilog HDL assignment warning at stopwatch.sv(33): truncated value with size 32 to match size of target (19) File: /home/c-ec2023/ra252974/Documents/MC613/lab05/stopwatch.sv Line: 33
Warning (10230): Verilog HDL assignment warning at stopwatch.sv(62): truncated value with size 32 to match size of target (7) File: /home/c-ec2023/ra252974/Documents/MC613/lab05/stopwatch.sv Line: 62
Warning (10230): Verilog HDL assignment warning at stopwatch.sv(64): truncated value with size 32 to match size of target (6) File: /home/c-ec2023/ra252974/Documents/MC613/lab05/stopwatch.sv Line: 64
Warning (10230): Verilog HDL assignment warning at stopwatch.sv(67): truncated value with size 32 to match size of target (7) File: /home/c-ec2023/ra252974/Documents/MC613/lab05/stopwatch.sv Line: 67
Info (12128): Elaborating entity "watch" for hierarchy "watch:watch_inst" File: /home/c-ec2023/ra252974/Documents/MC613/lab05/clock.sv Line: 71
Warning (10230): Verilog HDL assignment warning at watch.sv(32): truncated value with size 32 to match size of target (26) File: /home/c-ec2023/ra252974/Documents/MC613/lab05/watch.sv Line: 32
Warning (10230): Verilog HDL assignment warning at watch.sv(41): truncated value with size 32 to match size of target (2) File: /home/c-ec2023/ra252974/Documents/MC613/lab05/watch.sv Line: 41
Warning (10230): Verilog HDL assignment warning at watch.sv(75): truncated value with size 32 to match size of target (5) File: /home/c-ec2023/ra252974/Documents/MC613/lab05/watch.sv Line: 75
Warning (10230): Verilog HDL assignment warning at watch.sv(78): truncated value with size 32 to match size of target (6) File: /home/c-ec2023/ra252974/Documents/MC613/lab05/watch.sv Line: 78
Warning (10230): Verilog HDL assignment warning at watch.sv(81): truncated value with size 32 to match size of target (6) File: /home/c-ec2023/ra252974/Documents/MC613/lab05/watch.sv Line: 81
Info (12128): Elaborating entity "dec_7seg" for hierarchy "dec_7seg:dis_01" File: /home/c-ec2023/ra252974/Documents/MC613/lab05/clock.sv Line: 93
Info (10264): Verilog HDL Case Statement information at dec_7seg.sv(115): all case item expressions in this case statement are onehot File: /home/c-ec2023/ra252974/Documents/MC613/lab05/dec_7seg.sv Line: 115
Info (10264): Verilog HDL Case Statement information at dec_7seg.sv(131): all case item expressions in this case statement are onehot File: /home/c-ec2023/ra252974/Documents/MC613/lab05/dec_7seg.sv Line: 131
Warning (12241): 4 hierarchies have connectivity warnings - see the Connectivity Checks report folder
Info (286030): Timing-Driven Synthesis is running
Info (16010): Generating hard_block partition "hard_block:auto_generated_inst"
    Info (16011): Adding 0 node(s), including 0 DDIO, 0 PLL, 0 transceiver and 0 LCELL
Warning (21074): Design contains 1 input pin(s) that do not drive logic
    Warning (15610): No output dependent on input pin "KEY[0]" File: /home/c-ec2023/ra252974/Documents/MC613/lab05/clock.sv Line: 5
Info (21057): Implemented 301 device resources after synthesis - the final resource count might be different
    Info (21058): Implemented 11 input pins
    Info (21059): Implemented 42 output pins
    Info (21061): Implemented 248 logic cells
Info: Quartus Prime Analysis & Synthesis was successful. 0 errors, 17 warnings
    Info: Peak virtual memory: 1257 megabytes
    Info: Processing ended: Sun May 18 15:13:09 2025
    Info: Elapsed time: 00:00:09
    Info: Total CPU time (on all processors): 00:00:14


